FM_TEST_BEGIN 2026-09-13T02:12:41Z tests/fm-crew-state.test.sh family=pure-contract-unit expected_gate_skip=none
ok - active run-step is authoritative
ok - stale needs-decision over active run is superseded
ok - stale blocked over active run is superseded
ok - daemon/timeout blocked claim over a live fixing run reads as run alive
ok - socket refusal or missing socket over a stale fixing run reports blocked
ok - socket refusal over a terminal attributed run reports blocked
ok - broken-pipe blocker over a live run keeps the plain superseded reading
ok - genuine daemon-down blocked line still reports blocked
ok - genuine parked run is not flagged superseded
ok - scalar gate parked run is not flagged superseded
ok - gate block parked run is not flagged superseded
ok - ci-ready status log beats monitoring run
ok - ci-monitoring run with checks already green surfaces done
ok - top-level ci status uses ci log green marker
ok - terminal no-checks ci-monitor marker surfaces done
ok - base-advance rearm after green stays working
ok - pending no-checks ci-monitor marker stays working
ok - ci-monitoring run with checks not yet green stays working
ok - a fresh issue after an earlier green reading is not masked
ok - stale checks-green status log does not mask CI relapse
ok - ci fixing is not overridden by an earlier green marker
ok - top-level fixing is not overridden by a stale ci running row
ok - top-level fixing is not overridden by a stale done log
ok - terminal passed run is authoritative
ok - terminal failed run is authoritative
ok - orphaned ci monitor after green reads as held-for-merge done
ok - status-only failed orphaned ci monitor after green reads done
ok - genuinely failing CI keeps the failed verdict
ok - a second failed step disqualifies the orphaned-monitor reclassification
ok - cross-branch run is attributed via the real runs list
ok - socket refusal over a coarse active run reports blocked
ok - failed ledger record reads unknown only when the daemon is provably down
ok - cross-branch attribution picks the branch's most recent row
ok - a live run outranks a terminal run bound to the same worktree
ok - runs-list selection prefers a live row over a newer terminal one
ok - an unfetched live sibling outranks a terminal row at the worktree's exact commit
ok - two terminal rows keep the existing newest-first precedence
ok - an unclassifiable status row keeps the ledger's newest-first precedence
ok - a terminal run with no live sibling is unchanged
ok - coarse run does not probe another branch's ci log
ok - another branch's run is ignored, falls back
ok - no run + a busy semantic record reads working, attributed to its source
ok - a converted adapter never reads working from rendered footer text
ok - grok still reads working through its isolated rendered-tail fallback
ok - herdr's native busy verdict reads working with no record present
ok - a herdr CLI that fails to answer reads unknown/unreachable, never gone
ok - an alive endpoint whose scrollback read failed stays working
ok - a husk pane (agent gone) still reads gone for reclaim
ok - a mid-tool-call crew stays working because its record outranks herdr's generation state
ok - an idle record with idle agent_status stays not-busy (no regression for a human-blocked agent)
ok - no run + idle pane uses the status-log verb
ok - no run + idle pane parses keyed status syntax
ok - no run + idle pane on a paused: status reports state: paused with its reason
ok - no run + idle pane honors the configured paused verb
ok - a trailing resolved: event does not corrupt state render (idle stays idle)
ok - dead window ignores stale status log
ok - a tmux that fails to answer reads unknown/unreachable, never gone
ok - a gone window on a delivered task with an armed merge poll reads done, held for merge
ok - held for merge is derived from pr= and the armed poll, not from the status log
ok - a herdr husk on a delivered task with an armed merge poll reads done, held for merge
ok - held for merge requires pr= and the armed merge poll on a ship task; either alone stays unknown
ok - an unreachable backend with held records stays unknown and unreachable
ok - held records change only the gone-endpoint verdict; live panes and attributed runs are unchanged
ok - closed pane still reports a terminal run-step
ok - closed pane still reports an active run-step
ok - no timeout command uses perl bound
ok - scout skips the run lookup
ok - torn-down worktree is handled gracefully
ok - fm-crew-state remote: alive endpoint falls through to the routed status log
ok - fm-crew-state remote: an idle alive endpoint reads alive, never gone or dead
ok - fm-crew-state remote: an unreachable host reads unknown-remote, never gone or dead
ok - fm-crew-state remote: the remote host's own dead verdict is reported truthfully
ok - missing meta is handled gracefully
ok - crew_is_provably_working absorbs a validating crew found only via the runs-list fallback
ok - crew_is_provably_working still surfaces a genuinely stopped crew (safety property preserved)
ok - usage error exits 2
ok - historical same-branch rewritten head is not attributed as current
ok - active run with valid descendant fix head remains current
ok - local work advanced past run head invalidates attribution
ok - pipeline-owned active run binds without head equality and beats the failed row
ok - a genuinely failed run with no later run is not hidden
ok - coarse scan anchors the unresolvable active row instead of falling to an older one
ok - coarse scan with a mismatched anchor stays unknown and lets the pane answer
ok - the exemption requires branch_sync.state=pipeline_owned
ok - the exemption never applies to a terminal run
ok - missing run head falls back instead of matching by branch
ok - active fix round with an unfetched pipeline head reads working
ok - unanchored unverifiable active row is never attributed
ok - unresolvable terminal row never reads as current
ok - runs-list continuation attribution works when axi answers another branch
ok - herdr stale registration over a shell-only pane reads agent gone, not alive
ok - herdr stale working record never reports a shell-only pane busy
all fm-crew-state tests passed
FM_TEST_END 2026-09-13T02:12:50Z tests/fm-crew-state.test.sh exit=0 duration_ms=8914 gate_skip=false
FM_TEST_BEGIN 2026-09-13T02:12:50Z tests/fm-watch-triage.test.sh family=watcher-wake-lock expected_gate_skip=none
ok - status_span_has_actionable: benign absorbed, captain events surfaced, classified events not re-fired
ok - an actionable event is not hidden by later routine appends, and is named as itself
ok - span classification retires closed decisions and surfaces rejected transitions for reconciliation
ok - a malformed seen signature causes the whole status log to be classified
ok - stale_is_terminal: terminal status surfaces, non-terminal and no-status are benign
ok - classifier primitives: keyed decisions and activity phases, captain relevance, window-to-task, and overrides
ok - crew_is_provably_working: only working+run-step/pane is provable; idle/finished/parked/failed/unknown surface
ok - status_is_paused: only the leading paused verb matches, paused is not captain-relevant, and the two declared-wait verbs stay separable
ok - crew_absorb_class: working/paused/none from one read; crew_is_paused and crew_is_provably_working agree
ok - crew_worktree_written_since: real writes are evidence; no worktree, no anchor, quiet trees, .git churn and a mate's own home are not
ok - an empty FM_WORKTREE_WRITE_PRUNE widens the probe to the whole depth-bounded tree instead of disabling it
ok - an empty FM_WORKTREE_WRITE_PRUNE exported into the environment prunes nothing, widening the probe
ok - the worktree write probe is wall-clock bounded, and hitting the bound reads as no write evidence
ok - signal_crew_provably_working: benign only when every referenced crew is provably working
ok - a secondmate's status signal is never absorbed as provably working; crewmates are unaffected
ok - a no-verb signal whose crew is provably working is absorbed (no exit, no queue, suppressor advanced, beacon present)
ok - a bare turn-end whose crew is provably working (busy pane) is absorbed
ok - a bare turn-end whose crew is not provably working is surfaced (the swallowed-finish fix)
ok - a bare turn-end from a pane that churned since the previous poll is absorbed
ok - pane churn starts a fresh stale-classification interval before a stopped render returns
ok - pane churn resets prior wedge escalation state before the stale-path poll
ok - a bare turn-end from a pane unchanged since the previous poll still surfaces
ok - a bare turn-end backed by a malformed prior hash surfaces
ok - a bare turn-end backed by a newline-terminated prior hash surfaces
ok - a churning secondmate turn-end surfaces without a stale resurface path
ok - a turn-end whose marker key matches another recorded endpoint surfaces
ok - two metadata records sharing one endpoint make churn evidence ambiguous
ok - a batch may satisfy positive evidence independently per task
ok - per-task evidence composition stays off until the home opts in
ok - a status-bearing batch never falls through to pane-churn evidence
ok - pane-churn turn-end absorb is off until a home opts in
ok - a perpetually churning pane surfaces once its bounded deferral window is spent
ok - an unrecordable pane-churn deadline surfaces the turn-end
ok - an invalid pane-churn bound surfaces the turn-end
ok - an oversized pane-churn bound surfaces the turn-end
ok - invalid existing pane-churn deadlines surface without mutation
ok - a surfaced batch opens no partial pane-churn deadline
ok - a no-verb working: note whose crew is idle with no running pipeline is surfaced
ok - a secondmate's status note surfaces even while its own agent is busy
ok - a self-announced close never wakes its own home, and the next real note still does
ok - captain-relevant signal is surfaced (queue + exit) and marked surfaced
ok - a needs-decision signal row's queued payload is marked needs-decision: for branch exclusion
ok - a reconciliation-required needs-decision row's queued payload is still marked needs-decision:
ok - a captain-held signal stays actionable while the crew is still working
ok - a pending-reply second-mate escalation is marked for main-only routing
ok - an ordinary blocked event remains branch-eligible
ok - a routine event containing a needs-decision phrase keeps its ordinary payload, unmarked
ok - a captain event hidden behind a later routine append is still surfaced (queue + exit)
ok - a finished release reported before routine cleanup chatter is still surfaced
ok - a routine append after an already-classified event is absorbed (no re-wake)
ok - unreadable status reports are bounded without advancing classification
ok - permission recovery surfaces content from the unadvanced position
ok - a stale pane sitting on a terminal status is surfaced (queue + exit)
ok - a stale terminal-looking status is overridden and absorbed while a run is actively working, then wedge-escalated
ok - provably-working non-terminal stale is absorbed on first sight, then wedge-escalated past the threshold
ok - consecutive wedge escalations on the same pane accumulate and demand deep inspection at the threshold
ok - a pane becoming active again resets the consecutive wedge-escalation counter
ok - a delivered task's exited worker is absorbed as held for merge on first sight, terminal or non-terminal log alike
ok - a held-for-merge task past the wedge threshold drops its timer and count instead of escalating
ok - held for merge requires a dead agent, pr= and an armed poll together; a live agent or a lone record still alarms
ok - a held-for-merge dead agent is absorbed in the away posture too, never queued for the daemon
ok - a busy worker below the turn-age bound remains working with no escalation
ok - a busy worker with a stable pane hash still escalates once its completed-turn age reaches the bound
ok - a busy worker whose pane hash changes every poll still escalates once its completed-turn age reaches the bound
ok - touching a busy worker's completed-turn marker resets the age and prevents an old-age escalation
ok - native progress resets busy age without a completed turn or notification
ok - repeated busy turn-age escalations reuse the existing escalation counter and demand deep inspection at the threshold
ok - the production default busy-turn-age bound is 3600s (5min under does not wedge, 66min over does)
ok - a busy pane under a declared pause is rechecked on the long cadence, and lifting the pause restores the wedge escalation
ok - away mode hands a busy declared pause to the daemon as a plain stale, and lifting the declaration restores the wedge escalation
ok - away mode wakes the daemon once per declaration for a busy pane whose footer ticks on every capture
ok - a not-provably-working non-terminal stale is surfaced immediately (never left to wait out the timer)
ok - a declared pause is absorbed on first sight, then re-surfaced as a recheck past the threshold, never wedge-escalated
ok - exited declared-pause and captain-held panes use bounded pause cadence while a live decision gate still surfaces once
ok - absorbed paused and captain-held replacements each start their own re-surface cadence
ok - a parked live worker surfaces once, absorbs pane churn for the whole re-surface window, then re-surfaces when it elapses
ok - a live paused worker stays absorbed until its declared time, then rechecks
ok - work under an open captain call surfaces once, absorbs pane churn, then re-surfaces when the window elapses
ok - a stale window with no open captain call keeps alarming on every new hash
ok - a wake that never reached the durable queue arms no re-surface throttle
ok - a released-then-re-held task is a distinct captain call whose first sight still alarms
ok - a declared paused secondmate re-surfaces on the bounded normal-mode cadence
ok - a captain-held secondmate re-surfaces on the bounded normal-mode cadence
ok - a non-paused secondmate retains normal stale suppression
ok - a resumed secondmate clears pause and stale tracking before stale exemption
ok - unchanged stale hashes reclassify when a crew enters or leaves pause
ok - a declared pause is periodically rechecked against authoritative active-run state
ok - a paused status overridden by authoritative working preserves its wedge timer and escalates
ok - matching non-terminal stale suppressors repair missing or corrupt stale-since timers
ok - a quiet pane writing its own worktree is deferred, while one writing nothing still wedge-escalates on the unchanged schedule
ok - a write deferral re-surfaces once on the bounded pause cadence, so a churning worktree cannot stay invisible
ok - a secondmate's own home supervision churn is not crew write evidence, so a pane recording that home keeps the unchanged escalation schedule
ok - an idle-window timer repair drops a finished write-deferral chain, so the next deferral gets a fresh re-surface window
ok - both first-sight paths through a captain-relevant status drop a finished write-deferral chain with the idle window
ok - triage log capping handles wc byte counts with leading spaces
ok - a captured process-event result wakes a healthy watcher proactively, with no manual drain
ok - an unacknowledged process-event result re-drains until handling is acknowledged
ok - complete process-event queue keys map to distinct seen markers
ok - process-event queue keys surface under their own headlines
ok - every launch-failure episode is delivered under the failed-to-start headline
WAKE_ACK_REQUIRED: after handling completes run bin/fm-wake-drain.sh --ack-through 1 --recovery-generation 2112250.1789265982.6d4crW
ok - queue revalidation, proactive output, and marker commit serialize with drain
/home/inocult/.no-mistakes/worktrees/930731c14da1/01M2C86GD8KYKVH1M4PH24BXAV/bin/fm-push-transition-lib.sh: line 96: echo: write error: Broken pipe
tests/wake-helpers.sh: line 303: 2114901 Killed                     PATH="$dir/fakebin:$PATH" FM_HOME="$dir" FM_PROCEVENT_CLAIM_ROOT="$dir/claims" FM_CREW_STATE_BIN="$dir/fakebin/fm-crew-state.sh" FM_POLL=0.2 FM_SIGNAL_GRACE=1 FM_CHECK_INTERVAL=999999 FM_HEARTBEAT=999999 "$WATCH" > "$out"
tests/wake-helpers.sh: line 303: 2116202 Killed                     PATH="$dir/fakebin:$PATH" FM_HOME="$dir" FM_PROCEVENT_CLAIM_ROOT="$dir/claims" FM_CREW_STATE_BIN="$dir/fakebin/fm-crew-state.sh" FM_POLL=0.2 FM_SIGNAL_GRACE=1 FM_CHECK_INTERVAL=999999 FM_HEARTBEAT=999999 "$WATCH" > "$out"
ok - surfacing failures replay until post-handling acknowledgement
ok - marker failure exits through the shared wake owner, releases its lock, and replays later
ok - a heartbeat with no captain-relevant change is absorbed and backs off the cadence
ok - heartbeat backstop fail-safe surfaces a captain-relevant status the per-wake path missed
ok - the heartbeat backstop surfaces a captain event hidden behind a later routine append
ok - the liveness beacon stays fresh while the watcher absorbs benign wakes (fm-guard never false-alarms)
ok - an afk signal records its captured heartbeat endpoint
ok - with .afk present the watcher reverts to one-shot so the daemon owns triage (no double-triage)
ok - AFK changed paused panes hand off plain stale identities for daemon-owned pause triage
ok - a captain-held item is never rechecked while the away-posture record exists, and the recheck returns once the record is archived
ok - a live captain-held pane is absorbed on first sight while the away-posture record exists
ok - a delivery the captain already holds is never rechecked while the away-posture record exists
ok - the daemon-owned one-shot never hands off a captain-held pane while the away-posture record exists
ok - a declared wait naming a near-future until time stays quiet until that time
ok - a wrong-year declared time cannot silence the watcher beyond the recheck cadence
ok - a declared wait whose until time has passed is rechecked at once, then held to the cadence
FM_TEST_END 2026-09-13T02:20:53Z tests/fm-watch-triage.test.sh exit=0 duration_ms=483435 gate_skip=false
FM_TEST_SUMMARY total=2 failed=0 skipped_gate=0 duration_ms=492461
FM_TEST_SUMMARY_FAMILY family=pure-contract-unit count=1 duration_ms=8914 failed=0
FM_TEST_SUMMARY_FAMILY family=watcher-wake-lock count=1 duration_ms=483435 failed=0
FM_TEST_SLOWEST rank=1 script=tests/fm-watch-triage.test.sh duration_ms=483435
FM_TEST_SLOWEST rank=2 script=tests/fm-crew-state.test.sh duration_ms=8914
exit=0
